
> zmeurel@0.1.0 test
> vitest --run src/components/tratamente/__tests__


 RUN  v4.1.2 C:/Users/Andrei/Desktop/zmeurel

 ❯ src/components/tratamente/__tests__/LinieRow.test.tsx (5 tests | 2 failed) 2577ms
     × afișează pill manual pentru produs_nume_manual 139ms
     × meniul 3-dots emite callback pentru editează și șterge 604ms
 ❯ src/components/tratamente/__tests__/PlanLiniiList.test.tsx (4 tests | 4 failed) 76ms
     × afișează 3 rows 49ms
     × reorder local apelează action cu orderedIds nou 9ms
     × add intervenție deschide dialogul 6ms
     × afișează empty state la 0 intervenții 5ms
 ❯ src/components/tratamente/__tests__/PlanuriTratamentPageClient.test.tsx (2 tests | 2 failed) 2517ms
     × expune CTA-ul de ștergere în listă și deschide dialogul de confirmare 1404ms
     × blochează ștergerea completă pentru planurile cu aplicări istorice 1105ms
 ❯ src/components/tratamente/__tests__/MarkAplicataSheet.test.tsx (4 tests | 4 failed) 3575ms
     × afișează doar stadiile valide pentru grupul biologic curent 1414ms
     × afișează label contextual pentru post-recoltare la solanacee nedeterminat 776ms
     × pornește aplicarea din plan cu produsele planificate și salvează override-ul produselor efective 617ms
     × salvează intervenție manuală cu parcelă, sursă manuală și produse multiple 760ms
stderr | src/components/tratamente/__tests__/MarkAplicataSheet.test.tsx > MarkAplicataSheet > salvează intervenție manuală cu parcelă, sursă manuală și produse multiple
An update to MarkAplicataSheet inside a test was not wrapped in act(...).

When testing, code that causes React state updates should be wrapped into act(...):

act(() => {
  /* fire events that update state */
});
/* assert on the output */

This ensures that you're testing the behavior the user would see in the browser. Learn more at https://react.dev/link/wrap-tests-with-act

stderr | src/components/tratamente/__tests__/MarkAplicataSheet.test.tsx > MarkAplicataSheet > salvează intervenție manuală cu parcelă, sursă manuală și produse multiple
[tratamente/meteo] {
  message: 'Nu am putut încărca ferestrele meteo pentru parcelă.',
  context: { parcelaId: '[REDACTED_PHONE]' },
  error: {
    name: 'Error',
    message: '`cookies` was called outside a request scope. Read more: https://nextjs.org/docs/messages/next-dynamic-api-wrong-context'
  }
}

stderr | src/components/tratamente/__tests__/MarkAplicataSheet.test.tsx > MarkAplicataSheet > salvează intervenție manuală cu parcelă, sursă manuală și produse multiple
An update to MarkAplicataSheet inside a test was not wrapped in act(...).

When testing, code that causes React state updates should be wrapped into act(...):

act(() => {
  /* fire events that update state */
});
/* assert on the output */

This ensures that you're testing the behavior the user would see in the browser. Learn more at https://react.dev/link/wrap-tests-with-act
An update to MarkAplicataSheet inside a test was not wrapped in act(...).

When testing, code that causes React state updates should be wrapped into act(...):

act(() => {
  /* fire events that update state */
});
/* assert on the output */

This ensures that you're testing the behavior the user would see in the browser. Learn more at https://react.dev/link/wrap-tests-with-act

stderr | src/components/tratamente/__tests__/MarkAplicataSheet.test.tsx > MarkAplicataSheet > salvează intervenție manuală cu parcelă, sursă manuală și produse multiple
A suspended resource finished loading inside a test, but the event was not wrapped in act(...).

When testing, code that resolves suspended data should be wrapped into act(...):

act(() => {
  /* finish loading suspended data */
});
/* assert on the output */

This ensures that you're testing the behavior the user would see in the browser. Learn more at https://react.dev/link/wrap-tests-with-act

 ❯ src/components/tratamente/__tests__/HubTratamenteClient.test.tsx (5 tests | 1 failed) 3734ms
     × afișează aplicările din tabul Astăzi și KPI-urile de bază 288ms

⎯⎯⎯⎯⎯⎯ Failed Tests 13 ⎯⎯⎯⎯⎯⎯⎯

 FAIL  src/components/tratamente/__tests__/HubTratamenteClient.test.tsx > HubTratamenteClient > afișează aplicările din tabul Astăzi și KPI-urile de bază
TestingLibraryElementError: Unable to find an element with the text: Programate azi. This could be because the text is broken up by multiple elements. In this case, you can provide a function for your text matcher to make your matcher more flexible.

Ignored nodes: comments, script, style
<body>
  <div>
    <div>
      <div
        class="rounded-[24px] bg-[#3D7A5F] px-[18px] py-[18px] text-white shadow-[0_16px_40px_rgba(61,122,95,0.18)]"
      >
        <div
          class="flex flex-col gap-4 lg:flex-row lg:items-start lg:justify-between"
        >
          <div
            class="min-w-0 flex-1 space-y-4"
          >
            <div
              class="space-y-1"
            >
              <h1
                class="text-2xl font-bold text-white"
              >
                Protecție & Nutriție
              </h1>
              <p
                class="text-sm text-white/70"
              >
                Hub anual multi-parcelă · 
                2026
              </p>
            </div>
            <div
              class="grid grid-cols-3 gap-2"
            >
              <div
                class="rounded-2xl border border-white/10 bg-white/10 px-3 py-2"
              >
                <p
                  class="text-[11px] font-semibold uppercase tracking-[0.12em] text-white/70"
                >
                  Azi
                </p>
                <p
                  class="mt-1 text-2xl font-bold text-white"
                >
                  0
                </p>
              </div>
              <div
                class="rounded-2xl border border-white/10 bg-white/10 px-3 py-2"
              >
                <p
                  class="text-[11px] font-semibold uppercase tracking-[0.12em] text-white/70"
                >
                  Mâine
                </p>
                <p
                  class="mt-1 text-2xl font-bold text-white"
                >
                  0
                </p>
              </div>
              <div
                class="rounded-2xl border border-white/10 bg-white/10 px-3 py-2"
              >
                <p
                  class="text-[11px] font-semibold uppercase tracking-[0.12em] text-white/70"
                >
                  Alerte FRAC+Cupru
                </p>
                <p
                  class="mt-1 text-2xl font-bold text-white"
                >
                  0
                </p>
              </div>
            </div>
          </div>
          <div
            class="flex flex-col items-start gap-3 lg:items-end"
          >
            <div
              class="flex items-center gap-3 rounded-2xl border border-white/15 bg-white/10 px-3 py-2"
            >
              <svg
                aria-hidden="true"
                class="h-12 w-12 shrink-0"
                viewBox="0 0 44 44"
              >
                <circle
                  cx="22"
                  cy="22"
                  fill="none"
                  r="18"
                  stroke="rgba(255,255,255,0.2)"
                  stroke-width="4"
                />
                <circle
                  cx="22"
                  cy="22"
                  fill="none"
                  r="18"
                  stroke="#7ECBA9"
                  stroke-dasharray="113.09733552923255 113.09733552923255"
                  stroke-dashoffset="113.09733552923255"
                  stroke-linecap="round"
                  stroke-width="4"
                  transform="rotate(-90 22 22)"
                />
              </svg>
              <div
                class="min-w-0"
              >
                <p
                  class="text-xs font-semibold uppercase tracking-[0.12em] text-white/70"
                >
                  Progres an
                </p>
                <p
                  class="text-lg font-bold text-white"
                >
                  0
                  %
                </p>
              </div>
            </div>
            <a
              class="inline-flex items-center justify-center gap-2 whitespace-nowrap outline-none duration-150 ease-out disabled:pointer-events-none disabled:opacity-50 [&_svg]:pointer-events-none [&_svg:not([class*='size-'])]:size-4 shrink-0 [&_svg]:shrink-0 focus-visible:ring-[3px] focus-visible:ring-[color-mix(in_srgb,var(--agri-primary)_28%,transparent)] focus-visible:ring-offset-2 focus-visible:ring-offset-[var(--agri-surface)] aria-invalid:ring-destructive/25 dark:aria-invalid:ring-destructive/40 aria-invalid:border-destructive shadow-sm hover:shadow-[var(--agri-button-hover-shadow)] hover:opacity-100 lg:hover:opacity-100 py-2 has-[>svg]:px-3.5 h-10 rounded-xl border border-white/40 bg-transparent px-4 text-sm font-semibold text-white transition hover:bg-white/10 active:scale-[0.985]"
              data-size="default"
              data-slot="button"
              data-variant="default"
              href="/tratamente/conformitate/export?an=2026"
              type="button"
            >
              Exportă raport consolidat (PDF)
            </a>
          </div>
        </div>
      </div>
      <div
        class="mx-auto mt-2 w-full max-w-7xl space-y-4 py-3 sm:mt-0 md:py-4"
      >
        <div
          class="flex w-full flex-col gap-2"
        >
          <a
            class="inline-flex items-center gap-2 whitespace-nowrap text-sm font-semibo...
 ❯ Object.getElementError node_modules/@testing-library/dom/dist/config.js:37:19
 ❯ node_modules/@testing-library/dom/dist/query-helpers.js:76:38
 ❯ node_modules/@testing-library/dom/dist/query-helpers.js:52:17
 ❯ node_modules/@testing-library/dom/dist/query-helpers.js:95:19
 ❯ src/components/tratamente/__tests__/HubTratamenteClient.test.tsx:289:19
    287|     expect(screen.getByText('Parcela Nord')).toBeInTheDocument()
    288|     expect(screen.queryByText('Parcela Sud')).not.toBeInTheDocument()
    289|     expect(screen.getByText('Programate azi')).toBeInTheDocument()
       |                   ^
    290|   })
    291|

⎯⎯⎯⎯⎯⎯⎯⎯⎯⎯⎯⎯⎯⎯⎯⎯⎯⎯⎯⎯⎯⎯⎯[1/13]⎯

 FAIL  src/components/tratamente/__tests__/LinieRow.test.tsx > LinieRow > afișează pill manual pentru produs_nume_manual
TestingLibraryElementError: Unable to find an element with the text: manual. This could be because the text is broken up by multiple elements. In this case, you can provide a function for your text matcher to make your matcher more flexible.

Ignored nodes: comments, script, style
<body>
  <div>
    <div
      class="mb-[7px] rounded-[14px] border bg-white transition-[border-color,opacity,box-shadow] duration-200 "
    >
      <div
        class="flex w-full items-start gap-3 px-3 py-3"
      >
        <button
          aria-label="Marchează intervenția ca aplicată"
          class="mt-0.5 flex h-[26px] w-[26px] shrink-0 items-center justify-center rounded-[8px] border-2 border-gray-300 bg-white transition hover:bg-gray-50 disabled:cursor-not-allowed disabled:opacity-40"
          disabled=""
          type="button"
        >
          <svg
            aria-hidden="true"
            class="h-3.5 w-3.5"
            fill="none"
            viewBox="0 0 16 16"
          >
            <path
              d="M3.5 8.2L6.7 11.2L12.5 5.4"
              stroke="#D1D5DB"
              stroke-linecap="round"
              stroke-linejoin="round"
              stroke-width="2"
            />
          </svg>
        </button>
        <button
          class="flex min-w-0 flex-1 items-start gap-3 text-left"
          type="button"
        >
          <div
            class="min-w-0 flex-1"
          >
            <p
              class="text-[14px] font-bold leading-5 text-[var(--text-primary)]"
            >
              Produs manual
            </p>
            <p
              class="mt-0.5 truncate text-[12px] text-[var(--text-secondary)]"
            >
              Manual
            </p>
          </div>
          <div
            class="flex shrink-0 items-start gap-2"
          >
            <span
              class="rounded-full px-2.5 py-1 text-[11px] font-bold"
              style="background-color: rgb(252, 231, 243); color: rgb(190, 24, 93);"
            >
              #
              1
            </span>
            <svg
              aria-hidden="true"
              class="lucide lucide-chevron-down mt-0.5 h-4 w-4 shrink-0 text-[var(--text-secondary)] transition-transform duration-200"
              fill="none"
              height="24"
              stroke="currentColor"
              stroke-linecap="round"
              stroke-linejoin="round"
              stroke-width="2"
              viewBox="0 0 24 24"
              width="24"
              xmlns="http://www.w3.org/2000/svg"
            >
              <path
                d="m6 9 6 6 6-6"
              />
            </svg>
          </div>
        </button>
      </div>
      <div
        class="grid overflow-hidden transition-[max-height,opacity] duration-200 max-h-0 opacity-0"
      >
        <div
          class="px-3 pb-3"
        >
          <div
            class="rounded-lg bg-[#F8FAF9] p-3"
          >
            <div
              class="rounded-md bg-white px-3 py-2 text-sm text-[var(--text-secondary)]"
            >
              500 ml/hl
            </div>
          </div>
          <p
            class="mt-2 text-[12px] leading-relaxed text-[var(--text-secondary)]"
          >
            📝 
            Observații de test pentru linie
          </p>
          <div
            class="mt-3 flex flex-wrap items-center gap-2"
          >
            <button
              class="inline-flex items-center justify-center whitespace-nowrap text-sm font-semibold outline-none transition-[transform,box-shadow,opacity,background-color,border-color,color] duration-150 ease-out active:scale-[0.99] disabled:pointer-events-none disabled:opacity-50 [&_svg]:pointer-events-none [&_svg:not([class*='size-'])]:size-4 shrink-0 [&_svg]:shrink-0 focus-visible:ring-[3px] focus-visible:ring-[color-mix(in_srgb,var(--agri-primary)_28%,transparent)] focus-visible:ring-offset-2 focus-visible:ring-offset-[var(--agri-surface)] aria-invalid:ring-destructive/25 dark:aria-invalid:ring-destructive/40 aria-invalid:border-destructive border-[color:var(--button-muted-border)] bg-[var(--button-muted-bg)] text-[var(--button-muted-text)] shadow-xs hover:bg-[var(--button-muted-hover-bg)] hover:text-[var(--button-muted-text)] hover:shadow-[var(--agri-button-hover-shadow)] h-9 gap-1.5 rounded-xl px-3.5 has-[>svg]:px-3"
              data-size="sm"
              data-slot="button"
              data-variant="outline"
              type="button"
            >
              <svg
                aria-hidden="true"
                class="lucide lucide-pencil-line h-4 w-4"
                fill="none"
                height="24"
                stroke="currentColor"
                stroke-linecap="round"
                stroke-linejoin="round"
                stroke-width="2"
                viewBox="0 0 24 24"
                width="24"
                xmlns="http://www.w3.org/2000/svg"
              >
                <path
                  d="M13 21h8"
                />
                <path
                  d="m15 5 4 4"
                />
                <path
                  d="M21.174 6.812a1 1 0 0 0-3.986-3.987L3.842 16.174a2 2 0 0 0-.5.83l-1.321 4.352a.5.5 0 0 0 .623.622l4.353-1.32a2 2 0 0 0 .83-.497z"
                />
              </svg>
              Editează
            </button>
            <button
         ...
 ❯ Object.getElementError node_modules/@testing-library/dom/dist/config.js:37:19
 ❯ node_modules/@testing-library/dom/dist/query-helpers.js:76:38
 ❯ node_modules/@testing-library/dom/dist/query-helpers.js:52:17
 ❯ node_modules/@testing-library/dom/dist/query-helpers.js:95:19
 ❯ src/components/tratamente/__tests__/LinieRow.test.tsx:91:19
     89|
     90|     expect(screen.getByText('Produs manual')).toBeInTheDocument()
     91|     expect(screen.getByText('manual')).toBeInTheDocument()
       |                   ^
     92|   })
     93|

⎯⎯⎯⎯⎯⎯⎯⎯⎯⎯⎯⎯⎯⎯⎯⎯⎯⎯⎯⎯⎯⎯⎯[2/13]⎯

 FAIL  src/components/tratamente/__tests__/LinieRow.test.tsx > LinieRow > meniul 3-dots emite callback pentru editează și șterge
TestingLibraryElementError: Found multiple elements with the role "button" and name `/editează/i`

Here are the matching elements:

Ignored nodes: comments, script, style
<button
  class="inline-flex items-center justify-center whitespace-nowrap text-sm font-semibold outline-none transition-[transform,box-shadow,opacity,background-color,border-color,color] duration-150 ease-out active:scale-[0.99] disabled:pointer-events-none disabled:opacity-50 [&_svg]:pointer-events-none [&_svg:not([class*='size-'])]:size-4 shrink-0 [&_svg]:shrink-0 focus-visible:ring-[3px] focus-visible:ring-[color-mix(in_srgb,var(--agri-primary)_28%,transparent)] focus-visible:ring-offset-2 focus-visible:ring-offset-[var(--agri-surface)] aria-invalid:ring-destructive/25 dark:aria-invalid:ring-destructive/40 aria-invalid:border-destructive border-[color:var(--button-muted-border)] bg-[var(--button-muted-bg)] text-[var(--button-muted-text)] shadow-xs hover:bg-[var(--button-muted-hover-bg)] hover:text-[var(--button-muted-text)] hover:shadow-[var(--agri-button-hover-shadow)] h-9 gap-1.5 rounded-xl px-3.5 has-[>svg]:px-3"
  data-size="sm"
  data-slot="button"
  data-variant="outline"
  type="button"
>
  <svg
    aria-hidden="true"
    class="lucide lucide-pencil-line h-4 w-4"
    fill="none"
    height="24"
    stroke="currentColor"
    stroke-linecap="round"
    stroke-linejoin="round"
    stroke-width="2"
    viewBox="0 0 24 24"
    width="24"
    xmlns="http://www.w3.org/2000/svg"
  >
    <path
      d="M13 21h8"
    />
    <path
      d="m15 5 4 4"
    />
    <path
      d="M21.174 6.812a1 1 0 0 0-3.986-3.987L3.842 16.174a2 2 0 0 0-.5.83l-1.321 4.352a.5.5 0 0 0 .623.622l4.353-1.32a2 2 0 0 0 .83-.497z"
    />
  </svg>
  Editează
</button>

Ignored nodes: comments, script, style
<button
  class="flex w-full items-center gap-2 rounded-xl px-3 py-2 text-left text-sm text-[var(--text-primary)] transition hover:bg-[var(--surface-card-muted)]"
  type="button"
>
  <svg
    aria-label="Editează intervenția"
    class="lucide lucide-pencil-line h-4 w-4"
    fill="none"
    height="24"
    stroke="currentColor"
    stroke-linecap="round"
    stroke-linejoin="round"
    stroke-width="2"
    viewBox="0 0 24 24"
    width="24"
    xmlns="http://www.w3.org/2000/svg"
  >
    <path
      d="M13 21h8"
    />
    <path
      d="m15 5 4 4"
    />
    <path
      d="M21.174 6.812a1 1 0 0 0-3.986-3.987L3.842 16.174a2 2 0 0 0-.5.83l-1.321 4.352a.5.5 0 0 0 .623.622l4.353-1.32a2 2 0 0 0 .83-.497z"
    />
  </svg>
  Editează
</button>

(If this is intentional, then use the `*AllBy*` variant of the query (like `queryAllByText`, `getAllByText`, or `findAllByText`)).

Ignored nodes: comments, script, style
<body>
  <span
    data-radix-focus-guard=""
    style="outline: none; opacity: 0; position: fixed; pointer-events: none;"
    tabindex="0"
  />
  <div>
    <div
      class="mb-[7px] rounded-[14px] border bg-white transition-[border-color,opacity,box-shadow] duration-200 "
    >
      <div
        class="flex w-full items-start gap-3 px-3 py-3"
      >
        <button
          aria-label="Marchează intervenția ca aplicată"
          class="mt-0.5 flex h-[26px] w-[26px] shrink-0 items-center justify-center rounded-[8px] border-2 border-gray-300 bg-white transition hover:bg-gray-50 disabled:cursor-not-allowed disabled:opacity-40"
          disabled=""
          type="button"
        >
          <svg
            aria-hidden="true"
            class="h-3.5 w-3.5"
            fill="none"
            viewBox="0 0 16 16"
          >
            <path
              d="M3.5 8.2L6.7 11.2L12.5 5.4"
              stroke="#D1D5DB"
              stroke-linecap="round"
              stroke-linejoin="round"
              stroke-width="2"
            />
          </svg>
        </button>
        <button
          class="flex min-w-0 flex-1 items-start gap-3 text-left"
          type="button"
        >
          <div
            class="min-w-0 flex-1"
          >
            <p
              class="text-[14px] font-bold leading-5 text-[var(--text-primary)]"
            >
              Switch
            </p>
            <p
              class="mt-0.5 truncate text-[12px] text-[var(--text-secondary)]"
            >
              Înflorit
            </p>
          </div>
          <div
            class="flex shrink-0 items-start gap-2"
          >
            <span
              class="rounded-full px-2.5 py-1 text-[11px] font-bold"
              style="background-color: rgb(252, 231, 243); color: rgb(190, 24, 93);"
            >
              #
              1
            </span>
            <svg
              aria-hidden="true"
              class="lucide lucide-chevron-down mt-0.5 h-4 w-4 shrink-0 text-[var(--text-secondary)] transition-transform duration-200"
              fill="none"
              height="24"
              stroke="currentColor"
              stroke-linecap="round"
              stroke-linejoin="round"
              stroke-width="2"
              viewBox="0 0 24 24"
              width="24"
              xmlns="http://www.w3.org/2000/svg"
            >
              <path
                d="m6 9 6 6 6-6"
              />
            </svg>
          </div>
        </button>
      </div>
      <div
        class="grid overflow-hidden transition-[max-height,opacity] duration-200 max-h-0 opacity-0"
      >
        <div
          class="px-3 pb-3"
        >
          <div
            class="rounded-lg bg-[#F8FAF9] p-3"
          >
            <div
              class="rounded-md bg-white px-3 py-2 text-sm text-[var(--text-secondary)]"
            >
              500 ml/hl
            </div>
          </div>
          <p
            class="mt-2 text-[12px] leading-relaxed text-[var(--text-secondary)]"
          >
            📝 
            Observații de test pentru linie
          </p>
          <div
            class="mt-3 flex flex-wrap items-center gap-2"
          >
            <button
              class="inline-flex items-center justify-center whitespace-nowrap text-sm font-semibold outline-none transition-[transform,box-shadow,opacity,background-color,border-color,color] duration-150 ease-out active:scale-[0.99] disabled:pointer-events-none disabled:opacity-50 [&_svg]:pointer-events-none [&_svg:not([class*='size-'])]:size-4 shrink-0 [&_svg]:shrink-0 focus-visible:ring-[3px] focus-visible:ring-[color-mix(in_srgb,var(--agri-primary)_28%,transparent)] focus-visible:ring-offset-2 focus-visible:ring-offset-[var(--agri-surface)] aria-invalid:ring-destructive/25 dark:aria-invalid:ring-destructive/40 aria-invalid:border-destructive border-[color:var(--button-muted-border)] bg-[var(--button-muted-bg)] text-[var(--button-muted-text)] shadow-xs hover:bg-[var(--button-muted-hover-bg)] hover:text-[var(--button-muted-text)] hover:shadow-[var(--agri-button-hover-shadow)] h-9 gap-1.5 rounded-xl px-3.5 has-[>svg]:px-3"
              data-size="sm"
              data-slot="button"
              data-variant="outline"
              type="button"
            >
              <svg
                aria-hidden="true"
                class="lucide lucide-pencil-line h-4 w-4"
                fill="none"
                height="24"
                stroke="currentColor"
                stroke-linecap="round"
                stroke-linejoin="round"
                stroke-width="2"
                viewBox="0 0 24 24"
                width="24"
                xmlns="http://www.w3.org/2000/svg"
              >
                <path
                  d="M13 21h8"
                />
                <path
                  d="m15 5 4 4"
                />
                <path
                  d="M21.174 6.812a1 1 0 0 0-3.986-3.987L3.842 16.174a2 2 0 0 0-.5.83l-1.321 4.352a.5.5 0...
 ❯ Object.getElementError node_modules/@testing-library/dom/dist/config.js:37:19
 ❯ getElementError node_modules/@testing-library/dom/dist/query-helpers.js:20:35
 ❯ getMultipleElementsFoundError node_modules/@testing-library/dom/dist/query-helpers.js:23:10
 ❯ node_modules/@testing-library/dom/dist/query-helpers.js:55:13
 ❯ node_modules/@testing-library/dom/dist/query-helpers.js:95:19
 ❯ src/components/tratamente/__tests__/LinieRow.test.tsx:144:29
    142|
    143|     await user.click(screen.getByRole('button', { name: /acțiuni pentr…
    144|     await user.click(screen.getByRole('button', { name: /editează/i }))
       |                             ^
    145|     expect(onEdit).toHaveBeenCalledTimes(1)
    146|

⎯⎯⎯⎯⎯⎯⎯⎯⎯⎯⎯⎯⎯⎯⎯⎯⎯⎯⎯⎯⎯⎯⎯[3/13]⎯

 FAIL  src/components/tratamente/__tests__/MarkAplicataSheet.test.tsx > MarkAplicataSheet > afișează doar stadiile valide pentru grupul biologic curent
AssertionError: expected 'ml' to be 'rasad' // Object.is equality

Expected: "rasad"
Received: "ml"

 ❯ src/components/tratamente/__tests__/MarkAplicataSheet.test.tsx:96:32
     94|
     95|     const nativeSelect = document.querySelector('select[aria-hidden="t…
     96|     expect(nativeSelect.value).toBe('rasad')
       |                                ^
     97|     const optionValues = Array.from(nativeSelect.options).map((option)…
     98|

⎯⎯⎯⎯⎯⎯⎯⎯⎯⎯⎯⎯⎯⎯⎯⎯⎯⎯⎯⎯⎯⎯⎯[4/13]⎯

 FAIL  src/components/tratamente/__tests__/MarkAplicataSheet.test.tsx > MarkAplicataSheet > afișează label contextual pentru post-recoltare la solanacee nedeterminat
Error: expect(element).toHaveTextContent()

Expected element to have text content:
  Producție în curs
Received:
  ml
 ❯ src/components/tratamente/__tests__/MarkAplicataSheet.test.tsx:128:48
    126|     )
    127|
    128|     expect(screen.getAllByRole('combobox')[0]).toHaveTextContent('Prod…
       |                                                ^
    129|   })
    130|

⎯⎯⎯⎯⎯⎯⎯⎯⎯⎯⎯⎯⎯⎯⎯⎯⎯⎯⎯⎯⎯⎯⎯[5/13]⎯

 FAIL  src/components/tratamente/__tests__/MarkAplicataSheet.test.tsx > MarkAplicataSheet > pornește aplicarea din plan cu produsele planificate și salvează override-ul produselor efective
TestingLibraryElementError: Unable to find a label with the text of: Doză ml/hl

Ignored nodes: comments, script, style
<body
  data-scroll-locked="1"
  style="pointer-events: none;"
>
  <span
    aria-hidden="true"
    data-aria-hidden="true"
    data-radix-focus-guard=""
    style="outline: none; opacity: 0; position: fixed; pointer-events: none;"
    tabindex="0"
  />
  <div
    aria-hidden="true"
    data-aria-hidden="true"
  />
  <div
    aria-hidden="true"
    class="fixed inset-0 z-[1000] bg-black/35 backdrop-blur-[6px] dark:bg-black/50 data-[state=open]:animate-in data-[state=closed]:animate-out data-[state=closed]:fade-out-0 data-[state=open]:fade-in-0"
    data-aria-hidden="true"
    data-state="open"
    style="pointer-events: auto;"
  />
  <div
    class="fixed inset-0 z-[1001] flex items-center justify-center p-4"
  >
    <div
      aria-labelledby="radix-_r_1r_"
      class="relative max-w-sm text-[var(--agri-text)] outline-none duration-200 data-[state=open]:animate-in data-[state=closed]:animate-out data-[state=closed]:fade-out-0 data-[state=open]:fade-in-0 data-[state=closed]:zoom-out-95 data-[state=open]:zoom-in-95 sm:p-6 flex min-h-0 w-[min(96vw,720px)] max-h-[min(88dvh,860px)] flex-col gap-0 overflow-hidden rounded-[var(--agri-radius-lg)] border border-[var(--agri-border-card)] bg-[var(--agri-surface)] p-0 shadow-[var(--agri-elevated-shadow)] sm:max-w-lg md:max-h-[min(92dvh,60rem)] md:rounded-2xl md:w-[min(96vw,84rem)] md:max-w-none"
      data-state="open"
      id="radix-_r_1q_"
      role="dialog"
      style="pointer-events: auto;"
      tabindex="-1"
    >
      <div
        class="flex min-h-0 flex-1 flex-col overflow-hidden"
      >
        <div
          class="flex flex-col space-y-2 text-left sticky top-0 z-10 bg-[var(--agri-surface)]/95 backdrop-blur-sm shrink-0 border-b border-[color:color-mix(in_srgb,var(--agri-border)_55%,transparent)] px-4 pb-3 pt-3 sm:px-5 md:px-5 md:pb-3 md:pt-3"
        >
          <div
            class="space-y-1 pr-8 md:flex md:items-baseline md:gap-2.5 md:space-y-0 md:pr-10"
          >
            <h2
              class="text-left text-lg font-semibold tracking-[-0.02em] text-[var(--agri-text)] [font-weight:650] md:text-[1.15rem]"
              id="radix-_r_1r_"
            >
              Marchează ca aplicat
            </h2>
            <p
              class="text-left text-sm leading-snug text-[var(--agri-text-muted)] md:flex-1 md:text-[13px]"
              id="radix-_r_1s_"
            >
              Confirmă aplicarea reală, produsele efective și diferențele față de plan.
            </p>
          </div>
        </div>
        <div
          class="min-h-0 flex-1 overflow-y-auto overscroll-contain p-4 pb-[max(1rem,env(safe-area-inset-bottom,0px))] sm:p-4 sm:pb-[max(1.1rem,env(safe-area-inset-bottom,0px))] md:px-5 md:py-3.5 md:pb-[max(1rem,env(safe-area-inset-bottom,0px))]"
        >
          <form
            class="space-y-4"
          >
            <div
              class="space-y-3.5 md:grid md:items-start md:space-y-0 md:grid-cols-[minmax(0,1fr)_18rem] md:gap-4 lg:grid-cols-[minmax(0,1fr)_19rem] lg:gap-5"
            >
              <div
                class="min-w-0 space-y-3.5 md:space-y-4"
              >
                <section
                  class="space-y-2 md:space-y-2.5"
                >
                  <div
                    class="space-y-2.5 md:space-y-3 md:rounded-[22px] md:border md:border-[var(--border-default)] md:bg-[var(--surface-card)] md:p-3 md:shadow-[var(--shadow-soft)] lg:rounded-[24px] lg:p-3.5"
                  >
                    <div
                      class="grid gap-3 md:grid-cols-2 md:gap-x-4"
                    >
                      <div
                        class="space-y-2"
                      >
                        <label
                          class="text-sm font-semibold leading-snug tracking-[-0.01em] text-[var(--agri-text)] peer-disabled:cursor-not-allowed peer-disabled:opacity-55"
                          for="aplicata-data"
                        >
                          Data aplicată
                        </label>
                        <input
                          class="w-full min-w-0 rounded-[var(--agri-radius)] border border-[var(--agri-border-card)] bg-[var(--agri-surface)] px-3.5 py-2 text-base text-[var(--agri-text)] shadow-[var(--agri-field-idle-shadow)] transition-[border-color,box-shadow,background-color] duration-150 outline-none placeholder:text-[var(--agri-text-muted)] placeholder:opacity-70 file:inline-flex file:h-8 file:border-0 file:bg-transparent file:text-sm file:font-medium selection:bg-primary selection:text-primary-foreground hover:border-[color:color-mix(in_srgb,var(--agri-primary)_26%,var(--agri-border))] focus-visible:border-[color:color-mix(in_srgb,var(--agri-primary)_48%,var(--agri-border))] focus-visible:shadow-[var(--agri-field-focus-ring)] focus-visible:ring-0 disabled:pointer-events-none disabled:cursor-not-allowed disabled:opacity-45 md:text-sm aria-invalid:border-[color:color-mix(in_srgb,var(--destructive)_45%,var(--agri-border))] aria-invalid:shadow-[var(--agri-field-error-ring)] file:text-foreground agri-control h-11 md:h-10"
                          data-slot="input"
                          id="aplicata-data"
                          name="data_aplicata"
                          type="datetime-local"
                        />
                      </div>
                      <div
                        class="space-y-2"
                      >
                        <label
                          class="text-sm font-semibold leading-snug tracking-[-0.01em] text-[va...
 ❯ Object.getElementError node_modules/@testing-library/dom/dist/config.js:37:19
 ❯ getAllByLabelText node_modules/@testing-library/dom/dist/queries/label-text.js:111:38
 ❯ node_modules/@testing-library/dom/dist/query-helpers.js:109:15
 ❯ src/components/tratamente/__tests__/MarkAplicataSheet.test.tsx:158:31
    156|     expect(screen.getByText('Cupru Standard · Sulf Rapid')).toBeInTheD…
    157|
    158|     const doseInputs = screen.getAllByLabelText('Doză ml/hl')
       |                               ^
    159|     await user.clear(doseInputs[0])
    160|     await user.type(doseInputs[0], '220')

⎯⎯⎯⎯⎯⎯⎯⎯⎯⎯⎯⎯⎯⎯⎯⎯⎯⎯⎯⎯⎯⎯⎯[6/13]⎯

 FAIL  src/components/tratamente/__tests__/MarkAplicataSheet.test.tsx > MarkAplicataSheet > salvează intervenție manuală cu parcelă, sursă manuală și produse multiple
TestingLibraryElementError: Found a label with the text of: Tip intervenție, however no form control was found associated to that label. Make sure you're using the "for" attribute or "aria-labelledby" attribute correctly.

Ignored nodes: comments, script, style
<body
  data-scroll-locked="1"
  style="pointer-events: none;"
>
  <span
    aria-hidden="true"
    data-aria-hidden="true"
    data-radix-focus-guard=""
    style="outline: none; opacity: 0; position: fixed; pointer-events: none;"
    tabindex="0"
  />
  <div
    aria-hidden="true"
    data-aria-hidden="true"
  />
  <div
    aria-hidden="true"
    class="fixed inset-0 z-[1000] bg-black/35 backdrop-blur-[6px] dark:bg-black/50 data-[state=open]:animate-in data-[state=closed]:animate-out data-[state=closed]:fade-out-0 data-[state=open]:fade-in-0"
    data-aria-hidden="true"
    data-state="open"
    style="pointer-events: auto;"
  />
  <div
    class="fixed inset-0 z-[1001] flex items-center justify-center p-4"
  >
    <div
      aria-labelledby="radix-_r_2p_"
      class="relative max-w-sm text-[var(--agri-text)] outline-none duration-200 data-[state=open]:animate-in data-[state=closed]:animate-out data-[state=closed]:fade-out-0 data-[state=open]:fade-in-0 data-[state=closed]:zoom-out-95 data-[state=open]:zoom-in-95 sm:p-6 flex min-h-0 w-[min(96vw,720px)] max-h-[min(88dvh,860px)] flex-col gap-0 overflow-hidden rounded-[var(--agri-radius-lg)] border border-[var(--agri-border-card)] bg-[var(--agri-surface)] p-0 shadow-[var(--agri-elevated-shadow)] sm:max-w-lg md:max-h-[min(92dvh,60rem)] md:rounded-2xl md:w-[min(96vw,84rem)] md:max-w-none"
      data-state="open"
      id="radix-_r_2o_"
      role="dialog"
      style="pointer-events: auto;"
      tabindex="-1"
    >
      <div
        class="flex min-h-0 flex-1 flex-col overflow-hidden"
      >
        <div
          class="flex flex-col space-y-2 text-left sticky top-0 z-10 bg-[var(--agri-surface)]/95 backdrop-blur-sm shrink-0 border-b border-[color:color-mix(in_srgb,var(--agri-border)_55%,transparent)] px-4 pb-3 pt-3 sm:px-5 md:px-5 md:pb-3 md:pt-3"
        >
          <div
            class="space-y-1 pr-8 md:flex md:items-baseline md:gap-2.5 md:space-y-0 md:pr-10"
          >
            <h2
              class="text-left text-lg font-semibold tracking-[-0.02em] text-[var(--agri-text)] [font-weight:650] md:text-[1.15rem]"
              id="radix-_r_2p_"
            >
              Adaugă intervenție manuală
            </h2>
            <p
              class="text-left text-sm leading-snug text-[var(--agri-text-muted)] md:flex-1 md:text-[13px]"
              id="radix-_r_2q_"
            >
              Completează contextul, produsele și observațiile fără să schimbi fluxul de salvare.
            </p>
          </div>
        </div>
        <div
          class="min-h-0 flex-1 overflow-y-auto overscroll-contain p-4 pb-[max(1rem,env(safe-area-inset-bottom,0px))] sm:p-4 sm:pb-[max(1.1rem,env(safe-area-inset-bottom,0px))] md:px-5 md:py-3.5 md:pb-[max(1rem,env(safe-area-inset-bottom,0px))]"
        >
          <form
            class="space-y-4"
          >
            <div
              class="space-y-3.5 md:grid md:items-start md:space-y-0 md:grid-cols-[minmax(0,1fr)_18rem] md:gap-4 lg:grid-cols-[minmax(0,1fr)_19rem] lg:gap-5"
            >
              <div
                class="min-w-0 space-y-3.5 md:space-y-4"
              >
                <section
                  class="space-y-2 md:space-y-2.5"
                >
                  <div
                    class="space-y-2.5 md:space-y-3 md:rounded-[22px] md:border md:border-[var(--border-default)] md:bg-[var(--surface-card)] md:p-3 md:shadow-[var(--shadow-soft)] lg:rounded-[24px] lg:p-3.5"
                  >
                    <div
                      class="flex items-start justify-between gap-3"
                    >
                      <div>
                        <p
                          class="text-sm text-[var(--text-primary)] [font-weight:650]"
                        >
                          Intervenție manuală
                        </p>
                        <p
                          class="mt-1 text-xs text-[var(--text-secondary)]"
                        >
                          Parcela curentă: Parcela Nord
                        </p>
                      </div>
                      <span
                        class="inline-flex items-center rounded-full border px-2.5 py-1 text-xs font-medium border-[var(--status-warning-border)] bg-[var(--status-warning-bg)] text-[var(--status-warning-text)]"
                      >
                        Manuală
                      </span>
                    </div>
                    <div
                      class="rounded-2xl bg-[var(--surface-card-muted)] px-3 py-2 text-sm text-[var(--text-secondary)]"
                    >
                      Parcela Nord
                    </div>
                    <div
                      class="grid gap-3 md:grid-cols-2 md:gap-x-4"
                    >
                      <div
                        class="space-y-2"
                      >
                        <label
                          class="text-sm font-semibold leading-snug tracking-[-0.01em] text-[var(--agri-text)] peer-disabled:cursor-not-allowed peer-disabled:opacity-55"
                          for="manual-status"
                        >
                          Status
                        </label>
                        <button
                          aria-autocomplete="none"
                          aria-controls="radix-_r_2r_"
                          aria-expande...
 ❯ Object.getElementError node_modules/@testing-library/dom/dist/config.js:37:19
 ❯ getAllByLabelText node_modules/@testing-library/dom/dist/queries/label-text.js:108:40
 ❯ node_modules/@testing-library/dom/dist/query-helpers.js:52:17
 ❯ node_modules/@testing-library/dom/dist/query-helpers.js:95:19
 ❯ src/components/tratamente/__tests__/MarkAplicataSheet.test.tsx:211:28
    209|     expect(screen.getByText('Parcela Nord')).toBeInTheDocument()
    210|
    211|     await user.type(screen.getByLabelText('Tip intervenție'), 'nutriti…
       |                            ^
    212|     await user.type(screen.getByLabelText('Scop'), 'Corecție calciu')
    213|     await user.type(screen.getByLabelText('Nume manual'), 'Calciu manu…

⎯⎯⎯⎯⎯⎯⎯⎯⎯⎯⎯⎯⎯⎯⎯⎯⎯⎯⎯⎯⎯⎯⎯[7/13]⎯

 FAIL  src/components/tratamente/__tests__/PlanLiniiList.test.tsx > PlanLiniiList > afișează 3 rows
 FAIL  src/components/tratamente/__tests__/PlanLiniiList.test.tsx > PlanLiniiList > reorder local apelează action cu orderedIds nou
 FAIL  src/components/tratamente/__tests__/PlanLiniiList.test.tsx > PlanLiniiList > add intervenție deschide dialogul
 FAIL  src/components/tratamente/__tests__/PlanLiniiList.test.tsx > PlanLiniiList > afișează empty state la 0 intervenții
Error: [vitest] No "useSearchParams" export is defined on the "next/navigation" mock. Did you forget to return it from "vi.mock"?
If you need to partially mock a module, you can use "importOriginal" helper inside:

vi.mock(import("next/navigation"), async (importOriginal) => {
  const actual = await importOriginal()
  return {
    ...actual,
    // your mocked methods
  }
})

 ❯ PlanLiniiList src/components/tratamente/PlanLiniiList.tsx:355:24
    353| }: PlanLiniiListProps) {
    354|   const router = useRouter()
    355|   const searchParams = useSearchParams()
       |                        ^
    356|   const [localLinii, setLocalLinii] = useState<PlanTratamentLinieCuPro…
    357|   const [editorOpen, setEditorOpen] = useState(false)
 ❯ Object.react_stack_bottom_frame node_modules/react-dom/cjs/react-dom-client.development.js:25904:20
 ❯ renderWithHooks node_modules/react-dom/cjs/react-dom-client.development.js:7662:22
 ❯ updateFunctionComponent node_modules/react-dom/cjs/react-dom-client.development.js:10166:19
 ❯ beginWork node_modules/react-dom/cjs/react-dom-client.development.js:11778:18
 ❯ runWithFiberInDEV node_modules/react-dom/cjs/react-dom-client.development.js:874:13
 ❯ performUnitOfWork node_modules/react-dom/cjs/react-dom-client.development.js:17641:22
 ❯ workLoopSync node_modules/react-dom/cjs/react-dom-client.development.js:17469:41

⎯⎯⎯⎯⎯⎯⎯⎯⎯⎯⎯⎯⎯⎯⎯⎯⎯⎯⎯⎯⎯⎯⎯[8/13]⎯

 FAIL  src/components/tratamente/__tests__/PlanuriTratamentPageClient.test.tsx > PlanuriTratamentPageClient > expune CTA-ul de ștergere în listă și deschide dialogul de confirmare
TestingLibraryElementError: Unable to find role="button" and name `/Acțiuni pentru planul/i`

Ignored nodes: comments, script, style
<body>
  <div>
    <div>
      <div>
        <h1>
          Planuri de tratament
        </h1>
        <p>
          Strategii sezoniere pentru parcelele fermei
        </p>
        <div
          class="flex flex-wrap items-center justify-end gap-2"
        >
          <a
            aria-label="Import din Excel"
            class="inline-flex items-center justify-center gap-2 whitespace-nowrap rounded-xl text-sm font-semibold outline-none transition-[transform,box-shadow,opacity,background-color,border-color,color] duration-150 ease-out active:scale-[0.99] disabled:pointer-events-none disabled:opacity-50 [&_svg]:pointer-events-none [&_svg:not([class*='size-'])]:size-4 shrink-0 [&_svg]:shrink-0 focus-visible:ring-[3px] focus-visible:ring-[color-mix(in_srgb,var(--agri-primary)_28%,transparent)] focus-visible:ring-offset-2 focus-visible:ring-offset-[var(--agri-surface)] aria-invalid:ring-destructive/25 dark:aria-invalid:ring-destructive/40 aria-invalid:border-destructive border-[color:var(--button-muted-border)] bg-[var(--button-muted-bg)] text-[var(--button-muted-text)] shadow-xs hover:bg-[var(--button-muted-hover-bg)] hover:text-[var(--button-muted-text)] hover:shadow-[var(--agri-button-hover-shadow)] h-10 px-4 py-2 has-[>svg]:px-3.5"
            data-size="default"
            data-slot="button"
            data-variant="outline"
            href="/tratamente/planuri/import"
            title="Import din Excel"
            type="button"
          >
            <svg
              aria-hidden="true"
              class="lucide lucide-file-spreadsheet h-4 w-4"
              fill="none"
              height="24"
              stroke="currentColor"
              stroke-linecap="round"
              stroke-linejoin="round"
              stroke-width="2"
              viewBox="0 0 24 24"
              width="24"
              xmlns="http://www.w3.org/2000/svg"
            >
              <path
                d="M6 22a2 2 0 0 1-2-2V4a2 2 0 0 1 2-2h8a2.4 2.4 0 0 1 1.704.706l3.588 3.588A2.4 2.4 0 0 1 20 8v12a2 2 0 0 1-2 2z"
              />
              <path
                d="M14 2v5a1 1 0 0 0 1 1h5"
              />
              <path
                d="M8 13h2"
              />
              <path
                d="M14 13h2"
              />
              <path
                d="M8 17h2"
              />
              <path
                d="M14 17h2"
              />
            </svg>
            <span
              class="hidden sm:inline"
            >
              Import din Excel
            </span>
          </a>
          <button
            class="inline-flex items-center justify-center gap-2 whitespace-nowrap rounded-xl text-sm font-semibold outline-none transition-[transform,box-shadow,opacity,background-color,border-color,color] duration-150 ease-out active:scale-[0.99] disabled:pointer-events-none disabled:opacity-50 [&_svg]:pointer-events-none [&_svg:not([class*='size-'])]:size-4 shrink-0 [&_svg]:shrink-0 focus-visible:ring-[3px] focus-visible:ring-[color-mix(in_srgb,var(--agri-primary)_28%,transparent)] focus-visible:ring-offset-2 focus-visible:ring-offset-[var(--agri-surface)] aria-invalid:ring-destructive/25 dark:aria-invalid:ring-destructive/40 aria-invalid:border-destructive shadow-sm hover:shadow-[var(--agri-button-hover-shadow)] hover:opacity-100 lg:hover:opacity-100 h-10 px-4 py-2 has-[>svg]:px-3.5 bg-[var(--agri-primary)] text-white"
            data-size="default"
            data-slot="button"
            data-variant="default"
            type="button"
          >
            + Plan nou
          </button>
        </div>
      </div>
      <div
        class="mx-auto mt-2 w-full max-w-7xl space-y-4 py-3 sm:mt-0"
      >
        <div
          class="space-y-3 md:hidden"
        >
          <div
            class="relative"
          >
            <svg
              aria-hidden="true"
              class="lucide lucide-search pointer-events-none absolute top-1/2 left-3 h-4 w-4 -translate-y-1/2 text-[var(--agri-text-muted)]"
              fill="none"
              height="24"
              stroke="currentColor"
              stroke-linecap="round"
              stroke-linejoin="round"
              stroke-width="2"
              viewBox="0 0 24 24"
              width="24"
              xmlns="http://www.w3.org/2000/svg"
            >
              <path
                d="m21 21-4.34-4.34"
              />
              <circle
                cx="11"
                cy="11"
                r="8"
              />
            </svg>
            <input
              aria-label="Caută planuri"
              class="w-full min-w-0 rounded-[var(--agri-radius)] border border-[var(--agri-border-card)] bg-[var(--agri-surface)] px-3.5 py-2 text-base text-[var(--agri-text)] shadow-[var(--agri-field-idle-shadow)] transition-[border-color,box-shadow,background-color] duration-150 outline-none placeholder:text-[var(--agri-text-muted)] placeholder:opacity-70 file:inline-flex file:h-8 file:border-0 file:bg-transparent file:text-sm file:font-medium selection:bg-primary selection:text-primary-foreground hover:border-[color:color-mix(in_srgb,var(--agri-primary)_26%,var(--agri-border))] focus-visible:border-[color:color-mix(in_srgb,var(--agri-primary)_48%,var(--agri-border))] focus-visible:shadow-[var(--agri-field-focus-ring)] focus-visible:ring-0 disabled:pointer-events-none disabled:cursor-not-allowed disabled:opacity-45 ...

Ignored nodes: comments, script, style
<body>
  <div>
    <div>
      <div>
        <h1>
          Planuri de tratament
        </h1>
        <p>
          Strategii sezoniere pentru parcelele fermei
        </p>
        <div
          class="flex flex-wrap items-center justify-end gap-2"
        >
          <a
            aria-label="Import din Excel"
            class="inline-flex items-center justify-center gap-2 whitespace-nowrap rounded-xl text-sm font-semibold outline-none transition-[transform,box-shadow,opacity,background-color,border-color,color] duration-150 ease-out active:scale-[0.99] disabled:pointer-events-none disabled:opacity-50 [&_svg]:pointer-events-none [&_svg:not([class*='size-'])]:size-4 shrink-0 [&_svg]:shrink-0 focus-visible:ring-[3px] focus-visible:ring-[color-mix(in_srgb,var(--agri-primary)_28%,transparent)] focus-visible:ring-offset-2 focus-visible:ring-offset-[var(--agri-surface)] aria-invalid:ring-destructive/25 dark:aria-invalid:ring-destructive/40 aria-invalid:border-destructive border-[color:var(--button-muted-border)] bg-[var(--button-muted-bg)] text-[var(--button-muted-text)] shadow-xs hover:bg-[var(--button-muted-hover-bg)] hover:text-[var(--button-muted-text)] hover:shadow-[var(--agri-button-hover-shadow)] h-10 px-4 py-2 has-[>svg]:px-3.5"
            data-size="default"
            data-slot="button"
            data-variant="outline"
            href="/tratamente/planuri/import"
            title="Import din Excel"
            type="button"
          >
            <svg
              aria-hidden="true"
              class="lucide lucide-file-spreadsheet h-4 w-4"
              fill="none"
              height="24"
              stroke="currentColor"
              stroke-linecap="round"
              stroke-linejoin="round"
              stroke-width="2"
              viewBox="0 0 24 24"
              width="24"
              xmlns="http://www.w3.org/2000/svg"
            >
              <path
                d="M6 22a2 2 0 0 1-2-2V4a2 2 0 0 1 2-2h8a2.4 2.4 0 0 1 1.704.706l3.588 3.588A2.4 2.4 0 0 1 20 8v12a2 2 0 0 1-2 2z"
              />
              <path
                d="M14 2v5a1 1 0 0 0 1 1h5"
              />
              <path
                d="M8 13h2"
              />
              <path
                d="M14 13h2"
              />
              <path
                d="M8 17h2"
              />
              <path
                d="M14 17h2"
              />
            </svg>
            <span
              class="hidden sm:inline"
            >
              Import din Excel
            </span>
          </a>
          <button
            class="inline-flex items-center justify-center gap-2 whitespace-nowrap rounded-xl text-sm font-semibold outline-none transition-[transform,box-shadow,opacity,background-color,border-color,color] duration-150 ease-out active:scale-[0.99] disabled:pointer-events-none disabled:opacity-50 [&_svg]:pointer-events-none [&_svg:not([class*='size-'])]:size-4 shrink-0 [&_svg]:shrink-0 focus-visible:ring-[3px] focus-visible:ring-[color-mix(in_srgb,var(--agri-primary)_28%,transparent)] focus-visible:ring-offset-2 focus-visible:ring-offset-[var(--agri-surface)] aria-invalid:ring-destructive/25 dark:aria-invalid:ring-destructive/40 aria-invalid:border-destructive shadow-sm hover:shadow-[var(--agri-button-hover-shadow)] hover:opacity-100 lg:hover:opacity-100 h-10 px-4 py-2 has-[>svg]:px-3.5 bg-[var(--agri-primary)] text-white"
            data-size="default"
            data-slot="button"
            data-variant="default"
            type="button"
          >
            + Plan nou
          </button>
        </div>
      </div>
      <div
        class="mx-auto mt-2 w-full max-w-7xl space-y-4 py-3 sm:mt-0"
      >
        <div
          class="space-y-3 md:hidden"
        >
          <div
            class="relative"
          >
            <svg
              aria-hidden="true"
              class="lucide lucide-search pointer-events-none absolute top-1/2 left-3 h-4 w-4 -translate-y-1/2 text-[var(--agri-text-muted)]"
              fill="none"
              height="24"
              stroke="currentColor"
              stroke-linecap="round"
              stroke-linejoin="round"
              stroke-width="2"
              viewBox="0 0 24 24"
              width="24"
              xmlns="http://www.w3.org/2000/svg"
            >
              <path
                d="m21 21-4.34-4.34"
              />
              <circle
                cx="11"
                cy="11"
                r="8"
              />
            </svg>
            <input
              aria-label="Caută planuri"
              class="w-full min-w-0 rounded-[var(--agri-radius)] border border-[var(--agri-border-card)] bg-[var(--agri-surface)] px-3.5 py-2 text-base text-[var(--agri-text)] shadow-[var(--agri-field-idle-shadow)] transition-[border-color,box-shadow,background-color] duration-150 outline-none placeholder:text-[var(--agri-text-muted)] placeholder:opacity-70 file:inline-flex file:h-8 file:border-0 file:bg-transparent file:text-sm file:font-medium selection:bg-primary selection:text-primary-foreground hover:border-[color:color-mix(in_srgb,var(--agri-primary)_26%,var(--agri-border))] focus-visible:border-[color:color-mix(in_srgb,var(--agri-primary)_48%,var(--agri-border))] focus-visible:shadow-[var(--agri-field-focus-ring)] focus-visible:ring-0 disabled:pointer-events-none disabled:cursor-not-allowed disabled:opacity-45 ...
 ❯ waitForWrapper node_modules/@testing-library/dom/dist/wait-for.js:163:27
 ❯ node_modules/@testing-library/dom/dist/query-helpers.js:86:33
 ❯ src/components/tratamente/__tests__/PlanuriTratamentPageClient.test.tsx:174:40
    172|
    173|     expect(await screen.findByText('Plan test')).toBeInTheDocument()
    174|     const actionButtons = await screen.findAllByRole('button', {
       |                                        ^
    175|       name: /Acțiuni pentru planul/i,
    176|     })

⎯⎯⎯⎯⎯⎯⎯⎯⎯⎯⎯⎯⎯⎯⎯⎯⎯⎯⎯⎯⎯⎯⎯[9/13]⎯

 FAIL  src/components/tratamente/__tests__/PlanuriTratamentPageClient.test.tsx > PlanuriTratamentPageClient > blochează ștergerea completă pentru planurile cu aplicări istorice
TestingLibraryElementError: Unable to find role="button" and name `/Acțiuni pentru planul/i`

Ignored nodes: comments, script, style
<body>
  <div>
    <div>
      <div>
        <h1>
          Planuri de tratament
        </h1>
        <p>
          Strategii sezoniere pentru parcelele fermei
        </p>
        <div
          class="flex flex-wrap items-center justify-end gap-2"
        >
          <a
            aria-label="Import din Excel"
            class="inline-flex items-center justify-center gap-2 whitespace-nowrap rounded-xl text-sm font-semibold outline-none transition-[transform,box-shadow,opacity,background-color,border-color,color] duration-150 ease-out active:scale-[0.99] disabled:pointer-events-none disabled:opacity-50 [&_svg]:pointer-events-none [&_svg:not([class*='size-'])]:size-4 shrink-0 [&_svg]:shrink-0 focus-visible:ring-[3px] focus-visible:ring-[color-mix(in_srgb,var(--agri-primary)_28%,transparent)] focus-visible:ring-offset-2 focus-visible:ring-offset-[var(--agri-surface)] aria-invalid:ring-destructive/25 dark:aria-invalid:ring-destructive/40 aria-invalid:border-destructive border-[color:var(--button-muted-border)] bg-[var(--button-muted-bg)] text-[var(--button-muted-text)] shadow-xs hover:bg-[var(--button-muted-hover-bg)] hover:text-[var(--button-muted-text)] hover:shadow-[var(--agri-button-hover-shadow)] h-10 px-4 py-2 has-[>svg]:px-3.5"
            data-size="default"
            data-slot="button"
            data-variant="outline"
            href="/tratamente/planuri/import"
            title="Import din Excel"
            type="button"
          >
            <svg
              aria-hidden="true"
              class="lucide lucide-file-spreadsheet h-4 w-4"
              fill="none"
              height="24"
              stroke="currentColor"
              stroke-linecap="round"
              stroke-linejoin="round"
              stroke-width="2"
              viewBox="0 0 24 24"
              width="24"
              xmlns="http://www.w3.org/2000/svg"
            >
              <path
                d="M6 22a2 2 0 0 1-2-2V4a2 2 0 0 1 2-2h8a2.4 2.4 0 0 1 1.704.706l3.588 3.588A2.4 2.4 0 0 1 20 8v12a2 2 0 0 1-2 2z"
              />
              <path
                d="M14 2v5a1 1 0 0 0 1 1h5"
              />
              <path
                d="M8 13h2"
              />
              <path
                d="M14 13h2"
              />
              <path
                d="M8 17h2"
              />
              <path
                d="M14 17h2"
              />
            </svg>
            <span
              class="hidden sm:inline"
            >
              Import din Excel
            </span>
          </a>
          <button
            class="inline-flex items-center justify-center gap-2 whitespace-nowrap rounded-xl text-sm font-semibold outline-none transition-[transform,box-shadow,opacity,background-color,border-color,color] duration-150 ease-out active:scale-[0.99] disabled:pointer-events-none disabled:opacity-50 [&_svg]:pointer-events-none [&_svg:not([class*='size-'])]:size-4 shrink-0 [&_svg]:shrink-0 focus-visible:ring-[3px] focus-visible:ring-[color-mix(in_srgb,var(--agri-primary)_28%,transparent)] focus-visible:ring-offset-2 focus-visible:ring-offset-[var(--agri-surface)] aria-invalid:ring-destructive/25 dark:aria-invalid:ring-destructive/40 aria-invalid:border-destructive shadow-sm hover:shadow-[var(--agri-button-hover-shadow)] hover:opacity-100 lg:hover:opacity-100 h-10 px-4 py-2 has-[>svg]:px-3.5 bg-[var(--agri-primary)] text-white"
            data-size="default"
            data-slot="button"
            data-variant="default"
            type="button"
          >
            + Plan nou
          </button>
        </div>
      </div>
      <div
        class="mx-auto mt-2 w-full max-w-7xl space-y-4 py-3 sm:mt-0"
      >
        <div
          class="space-y-3 md:hidden"
        >
          <div
            class="relative"
          >
            <svg
              aria-hidden="true"
              class="lucide lucide-search pointer-events-none absolute top-1/2 left-3 h-4 w-4 -translate-y-1/2 text-[var(--agri-text-muted)]"
              fill="none"
              height="24"
              stroke="currentColor"
              stroke-linecap="round"
              stroke-linejoin="round"
              stroke-width="2"
              viewBox="0 0 24 24"
              width="24"
              xmlns="http://www.w3.org/2000/svg"
            >
              <path
                d="m21 21-4.34-4.34"
              />
              <circle
                cx="11"
                cy="11"
                r="8"
              />
            </svg>
            <input
              aria-label="Caută planuri"
              class="w-full min-w-0 rounded-[var(--agri-radius)] border border-[var(--agri-border-card)] bg-[var(--agri-surface)] px-3.5 py-2 text-base text-[var(--agri-text)] shadow-[var(--agri-field-idle-shadow)] transition-[border-color,box-shadow,background-color] duration-150 outline-none placeholder:text-[var(--agri-text-muted)] placeholder:opacity-70 file:inline-flex file:h-8 file:border-0 file:bg-transparent file:text-sm file:font-medium selection:bg-primary selection:text-primary-foreground hover:border-[color:color-mix(in_srgb,var(--agri-primary)_26%,var(--agri-border))] focus-visible:border-[color:color-mix(in_srgb,var(--agri-primary)_48%,var(--agri-border))] focus-visible:shadow-[var(--agri-field-focus-ring)] focus-visible:ring-0 disabled:pointer-events-none disabled:cursor-not-allowed disabled:opacity-45 ...

Ignored nodes: comments, script, style
<body>
  <div>
    <div>
      <div>
        <h1>
          Planuri de tratament
        </h1>
        <p>
          Strategii sezoniere pentru parcelele fermei
        </p>
        <div
          class="flex flex-wrap items-center justify-end gap-2"
        >
          <a
            aria-label="Import din Excel"
            class="inline-flex items-center justify-center gap-2 whitespace-nowrap rounded-xl text-sm font-semibold outline-none transition-[transform,box-shadow,opacity,background-color,border-color,color] duration-150 ease-out active:scale-[0.99] disabled:pointer-events-none disabled:opacity-50 [&_svg]:pointer-events-none [&_svg:not([class*='size-'])]:size-4 shrink-0 [&_svg]:shrink-0 focus-visible:ring-[3px] focus-visible:ring-[color-mix(in_srgb,var(--agri-primary)_28%,transparent)] focus-visible:ring-offset-2 focus-visible:ring-offset-[var(--agri-surface)] aria-invalid:ring-destructive/25 dark:aria-invalid:ring-destructive/40 aria-invalid:border-destructive border-[color:var(--button-muted-border)] bg-[var(--button-muted-bg)] text-[var(--button-muted-text)] shadow-xs hover:bg-[var(--button-muted-hover-bg)] hover:text-[var(--button-muted-text)] hover:shadow-[var(--agri-button-hover-shadow)] h-10 px-4 py-2 has-[>svg]:px-3.5"
            data-size="default"
            data-slot="button"
            data-variant="outline"
            href="/tratamente/planuri/import"
            title="Import din Excel"
            type="button"
          >
            <svg
              aria-hidden="true"
              class="lucide lucide-file-spreadsheet h-4 w-4"
              fill="none"
              height="24"
              stroke="currentColor"
              stroke-linecap="round"
              stroke-linejoin="round"
              stroke-width="2"
              viewBox="0 0 24 24"
              width="24"
              xmlns="http://www.w3.org/2000/svg"
            >
              <path
                d="M6 22a2 2 0 0 1-2-2V4a2 2 0 0 1 2-2h8a2.4 2.4 0 0 1 1.704.706l3.588 3.588A2.4 2.4 0 0 1 20 8v12a2 2 0 0 1-2 2z"
              />
              <path
                d="M14 2v5a1 1 0 0 0 1 1h5"
              />
              <path
                d="M8 13h2"
              />
              <path
                d="M14 13h2"
              />
              <path
                d="M8 17h2"
              />
              <path
                d="M14 17h2"
              />
            </svg>
            <span
              class="hidden sm:inline"
            >
              Import din Excel
            </span>
          </a>
          <button
            class="inline-flex items-center justify-center gap-2 whitespace-nowrap rounded-xl text-sm font-semibold outline-none transition-[transform,box-shadow,opacity,background-color,border-color,color] duration-150 ease-out active:scale-[0.99] disabled:pointer-events-none disabled:opacity-50 [&_svg]:pointer-events-none [&_svg:not([class*='size-'])]:size-4 shrink-0 [&_svg]:shrink-0 focus-visible:ring-[3px] focus-visible:ring-[color-mix(in_srgb,var(--agri-primary)_28%,transparent)] focus-visible:ring-offset-2 focus-visible:ring-offset-[var(--agri-surface)] aria-invalid:ring-destructive/25 dark:aria-invalid:ring-destructive/40 aria-invalid:border-destructive shadow-sm hover:shadow-[var(--agri-button-hover-shadow)] hover:opacity-100 lg:hover:opacity-100 h-10 px-4 py-2 has-[>svg]:px-3.5 bg-[var(--agri-primary)] text-white"
            data-size="default"
            data-slot="button"
            data-variant="default"
            type="button"
          >
            + Plan nou
          </button>
        </div>
      </div>
      <div
        class="mx-auto mt-2 w-full max-w-7xl space-y-4 py-3 sm:mt-0"
      >
        <div
          class="space-y-3 md:hidden"
        >
          <div
            class="relative"
          >
            <svg
              aria-hidden="true"
              class="lucide lucide-search pointer-events-none absolute top-1/2 left-3 h-4 w-4 -translate-y-1/2 text-[var(--agri-text-muted)]"
              fill="none"
              height="24"
              stroke="currentColor"
              stroke-linecap="round"
              stroke-linejoin="round"
              stroke-width="2"
              viewBox="0 0 24 24"
              width="24"
              xmlns="http://www.w3.org/2000/svg"
            >
              <path
                d="m21 21-4.34-4.34"
              />
              <circle
                cx="11"
                cy="11"
                r="8"
              />
            </svg>
            <input
              aria-label="Caută planuri"
              class="w-full min-w-0 rounded-[var(--agri-radius)] border border-[var(--agri-border-card)] bg-[var(--agri-surface)] px-3.5 py-2 text-base text-[var(--agri-text)] shadow-[var(--agri-field-idle-shadow)] transition-[border-color,box-shadow,background-color] duration-150 outline-none placeholder:text-[var(--agri-text-muted)] placeholder:opacity-70 file:inline-flex file:h-8 file:border-0 file:bg-transparent file:text-sm file:font-medium selection:bg-primary selection:text-primary-foreground hover:border-[color:color-mix(in_srgb,var(--agri-primary)_26%,var(--agri-border))] focus-visible:border-[color:color-mix(in_srgb,var(--agri-primary)_48%,var(--agri-border))] focus-visible:shadow-[var(--agri-field-focus-ring)] focus-visible:ring-0 disabled:pointer-events-none disabled:cursor-not-allowed disabled:opacity-45 ...
 ❯ waitForWrapper node_modules/@testing-library/dom/dist/wait-for.js:163:27
 ❯ node_modules/@testing-library/dom/dist/query-helpers.js:86:33
 ❯ src/components/tratamente/__tests__/PlanuriTratamentPageClient.test.tsx:192:40
    190|
    191|     expect(await screen.findByText('Plan test')).toBeInTheDocument()
    192|     const actionButtons = await screen.findAllByRole('button', {
       |                                        ^
    193|       name: /Acțiuni pentru planul/i,
    194|     })

⎯⎯⎯⎯⎯⎯⎯⎯⎯⎯⎯⎯⎯⎯⎯⎯⎯⎯⎯⎯⎯⎯[10/13]⎯


 Test Files  5 failed | 18 passed (23)
      Tests  13 failed | 66 passed (79)
   Start at  09:39:43
   Duration  36.95s (transform 9.61s, setup 14.70s, import 123.06s, tests 40.64s, environment 142.42s)

